Sending RAG query: What are the rules for using company documents?
d:/AI_Orchestration/.ve
nv/Scripts/python.exe :
 Traceback (most recent
 call last):
At line:1 char:1
+ d:/AI_Orchestration/.
venv/Scripts/python.exe
 d:/AI_Orchestration/te
st ...
+ ~~~~~~~~~~~~~~~~~~~~~
~~~~~~~~~~~~~~~~~~~~~~~
~~~~~~~~~~~~~~~~~~~~~~~
~~
    + CategoryInfo     
         : NotSpecifi  
  ed: (Traceback (mo   
 st recent call las    
t)::String) [], Re    m
oteException
    + FullyQualifiedEr 
   rorId : NativeComm  
  andError
 
  File "d:\AI_Orchestra
tion\test_rag_sources.p
y", line 21, in test_ra
g_sources
    response.raise_for_
status()
  File "D:\AI_Orchestra
tion\.venv\Lib\site-pac
kages\requests\models.p
y", line 1026, in raise
_for_status
    raise HTTPError(htt
p_error_msg, response=s
elf)
requests.exceptions.HTT
PError: 500 Server Erro
r: Internal Server Erro
r for url: http://local
host:8000/v1/webhook/n8
n

During handling of the 
above exception, anothe
r exception occurred:

Traceback (most recent 
call last):
  File "d:\AI_Orchestra
tion\test_rag_sources.p
y", line 40, in <module
>
    test_rag_sources()
  File "d:\AI_Orchestra
tion\test_rag_sources.p
y", line 37, in test_ra
g_sources
    print(f"\n\u274c ER
ROR: {e}")
  File "C:\Users\andrii
.herasymchuk\AppData\Lo
cal\Programs\Python\Pyt
hon312\Lib\encodings\cp
1251.py", line 19, in e
ncode
    return codecs.charm
ap_encode(input,self.er
rors,encoding_table)[0]
           ^^^^^^^^^^^^
^^^^^^^^^^^^^^^^^^^^^^^
^^^^^^^^^^^^^^^^^^^^
UnicodeEncodeError: 'ch
armap' codec can't enco
de character '\u274c' i
n position 2: character
 maps to <undefined>
